--- HeliX API Smoke Tests ---
[AUTH] Fetching first existing user ID via Admin API...
[PASS] Using simulated session token for user: c002f806-543a-48f1-8049-b6cfaf10328c
Testing [GET] /auth/profile...
node :   -> [FAIL] Get 
Profile: Status 500 - 
Internal Server Error 
At line:1 char:1
+ node apps/web/scripts
/api-smoke-test.mjs > 
test_log.txt 2>&1
+ ~~~~~~~~~~~~~~~~~~~~~
~~~~~~~~~~~~~~~~~~~~~~~
~~~~~~~~~~~~~~~~
    + CategoryInfo     
         : NotSpecifi  
  ed: (  -> [FAIL] G   
 et...l Server Erro    
r :String) [], Rem    
oteException
    + FullyQualifiedEr 
   rorId : NativeComm  
  andError
 
Testing [POST] /auth/profile...
  -> [FAIL] Update 
Profile: Status 500 - 
Internal Server Error 
Testing [GET] /exercises...
  -> [FAIL] Get 
Exercises: Status 500 
- Internal Server 
Error 
Testing [GET] /gym/search?q=...
  -> [FAIL] Search 
Gyms: Status 500 - 
Internal Server Error 
  -> [SKIP] Gym-related endpoints (no gyms found)
  -> [SKIP] Finish Workout (no exercises found)
Testing [GET] /workouts...
  -> [FAIL] Get 
Workouts: Status 500 - 
Internal Server Error 
Testing [GET] /progress...
  -> [FAIL] Get 
Progress Summary: 
Status 500 - Internal 
Server Error 
  -> [SKIP] Get Progress Trends (no exercises found)

--- Test Summary ---
Passed: 0 / 6
Some tests failed. See 
api_test_results.md 
for full log (will be 
generated by agent).
